// Jest Snapshot v1, https://goo.gl/fbAQLP

exports[`snapshot test for ClearButton 1`] = `
<View
  accessibilityComponentType={undefined}
  accessibilityLabel={undefined}
  accessibilityTraits={undefined}
  accessible={true}
  collapsable={undefined}
  hitSlop={undefined}
  isTVSelectable={true}
  nativeID={undefined}
  onLayout={undefined}
  onResponderGrant={[Function]}
  onResponderMove={[Function]}
  onResponderRelease={[Function]}
  onResponderTerminate={[Function]}
  onResponderTerminationRequest={[Function]}
  onStartShouldSetResponder={[Function]}
  style={
    Object {
      "alignItems": "center",
      "opacity": 1,
    }
  }
  testID={undefined}
  tvParallaxProperties={undefined}
>
  <View
    style={
      Object {
        "alignItems": "center",
        "flexDirection": "row",
      }
    }
  >
    <Image
      resizeMode="contain"
      source={1}
      style={
        Object {
          "marginRight": 11,
          "width": 19,
        }
      }
    />
    <Text
      accessible={true}
      allowFontScaling={true}
      ellipsizeMode="tail"
      style={
        Object {
          "color": "#FFFFFF",
          "fontSize": 18,
          "fontWeight": "300",
          "paddingVertical": 20,
        }
      }
    >
      hi there
    </Text>
  </View>
</View>
`;
